node.exe : npm warn Unknown project config "node-linker". This will stop 
working in the next major version of npm. See `npm help npmrc` for supported 
config options.
En C:\nvm4w\nodejs\npx.ps1: 16 Carácter: 5
+     & "$basedir/node$exe"  "$basedir/node_modules/npm/bin/npx-cli.js" ...
+     ~~~~~~~~~~~~~~~~~~~~~~~~~~~~~~~~~~~~~~~~~~~~~~~~~~~~~~~~~~~~~~~~~
    + CategoryInfo          : NotSpecified: (npm warn Unknow...config options. 
   :String) [], RemoteException
    + FullyQualifiedErrorId : NativeCommandError
 
npm warn Unknown project config "strict-peer-dependencies". This will stop 
working in the next major version of npm. See `npm help npmrc` for supported 
config options.
